Add-NodeKeys
AddDscResourceProperty
AddDscResourcePropertyFromMetadata
CheckResourceFound
Compress-Archive
Configuration
ConvertTo-MOFInstance
Expand-Archive
Find-Command
Find-DSCResource
Find-Module
Find-RoleCapability
Find-Script
Generate-VersionInfo
Get-CompatibleVersionAddtionaPropertiesStr
Get-ComplexResourceQualifier
Get-ConfigurationErrorCount
Get-DscResource
Get-DSCResourceModules
Get-EncryptedPassword
Get-InnerMostErrorRecord
Get-InstalledModule
Get-InstalledScript
Get-MofInstanceName
Get-MofInstanceText
Get-PositionInfo
Get-PSCurrentConfigurationNode
Get-PSDefaultConfigurationDocument
Get-PSMetaConfigDocumentInstVersionInfo
Get-PSMetaConfigurationProcessed
Get-PSRepository
Get-PSTopConfigurationName
Get-PublicKeyFromFile
Get-PublicKeyFromStore
GetCompositeResource
GetImplementingModulePath
GetModule
GetPatterns
GetResourceFromKeyword
GetSyntax
ImportCimAndScriptKeywordsFromModule
ImportClassResourcesFromModule
Initialize-ConfigurationRuntimeState
Install-Module
Install-Script
IsHiddenResource
IsPatternMatched
New-DscChecksum
New-ScriptFileInfo
Node
PSConsoleHostReadLine
Publish-Module
Publish-Script
ReadEnvironmentFile
Register-PSRepository
Save-Module
Save-Script
Set-NodeExclusiveResources
Set-NodeManager
Set-NodeResources
Set-NodeResourceSource
Set-PSCurrentConfigurationNode
Set-PSDefaultConfigurationDocument
Set-PSMetaConfigDocInsProcessedBeforeMeta
Set-PSMetaConfigVersionInfoV2
Set-PSRepository
Set-PSTopConfigurationName
StrongConnect
Test-ConflictingResources
Test-ModuleReloadRequired
Test-MofInstanceText
Test-NodeManager
Test-NodeResources
Test-NodeResourceSource
Test-ScriptFileInfo
ThrowError
Uninstall-Module
Uninstall-Script
Unregister-PSRepository
Update-ConfigurationDocumentRef
Update-ConfigurationErrorCount
Update-DependsOn
Update-LocalConfigManager
Update-Module
Update-ModuleManifest
Update-ModuleVersion
Update-Script
Update-ScriptFileInfo
ValidateNoCircleInNodeResources
ValidateNodeExclusiveResources
ValidateNodeManager
ValidateNodeResources
ValidateNodeResourceSource
ValidateNoNameNodeResources
ValidateUpdate-ConfigurationData
Write-Log
Write-MetaConfigFile
Write-NodeMOFFile
WriteFile
Add-Content
Add-Member
Add-Type
Clear-Content
Clear-Item
Clear-ItemProperty
Clear-Variable
Compare-Object
Convert-Path
ConvertFrom-Csv
ConvertFrom-Json
ConvertFrom-Markdown
ConvertFrom-SecureString
ConvertFrom-StringData
ConvertTo-Csv
ConvertTo-Html
ConvertTo-Json
ConvertTo-SecureString
ConvertTo-Xml
Copy-Item
Copy-ItemProperty
Debug-Process
Debug-Runspace
Disable-PSBreakpoint
Disable-RunspaceDebug
Enable-PSBreakpoint
Enable-RunspaceDebug
Export-Alias
Export-Clixml
Export-Csv
Export-FormatData
Export-PSSession
Find-Package
Find-PackageProvider
ForEach-Object
Format-Custom
Format-Hex
Format-List
Format-Table
Format-Wide
Get-Alias
Get-ChildItem
Get-Content
Get-Credential
Get-Culture
Get-Date
Get-Event
Get-EventSubscriber
Get-ExecutionPolicy
Get-FileHash
Get-FormatData
Get-Host
Get-Item
Get-ItemProperty
Get-ItemPropertyValue
Get-Location
Get-MarkdownOption
Get-Member
Get-Package
Get-PackageProvider
Get-PackageSource
Get-PfxCertificate
Get-Process
Get-PSBreakpoint
Get-PSCallStack
Get-PSDrive
Get-PSProvider
Get-PSReadLineKeyHandler
Get-PSReadLineOption
Get-Random
Get-Runspace
Get-RunspaceDebug
Get-TimeZone
Get-TraceSource
Get-TypeData
Get-UICulture
Get-Unique
Get-Uptime
Get-Variable
Get-Verb
Group-Object
Import-Alias
Import-Clixml
Import-Csv
Import-LocalizedData
Import-PackageProvider
Import-PowerShellDataFile
Import-PSSession
Install-Package
Install-PackageProvider
Invoke-Expression
Invoke-Item
Invoke-RestMethod
Invoke-WebRequest
Join-Path
Join-String
Measure-Command
Measure-Object
Move-Item
Move-ItemProperty
New-Alias
New-Event
New-Guid
New-Item
New-ItemProperty
New-Object
New-PSDrive
New-TemporaryFile
New-TimeSpan
New-Variable
Out-File
Out-String
Pop-Location
Push-Location
Read-Host
Register-EngineEvent
Register-ObjectEvent
Register-PackageSource
Remove-Alias
Remove-Event
Remove-Item
Remove-ItemProperty
Remove-PSBreakpoint
Remove-PSDrive
Remove-PSReadLineKeyHandler
Remove-TypeData
Remove-Variable
Rename-Item
Rename-ItemProperty
Resolve-Path
Save-Package
Select-Object
Select-String
Select-Xml
Send-MailMessage
Set-Alias
Set-Content
Set-Date
Set-ExecutionPolicy
Set-Item
Set-ItemProperty
Set-Location
Set-MarkdownOption
Set-PackageSource
Set-PSBreakpoint
Set-PSReadLineKeyHandler
Set-PSReadLineOption
Set-TraceSource
Set-Variable
Show-Markdown
Sort-Object
Split-Path
Start-Process
Start-Sleep
Start-ThreadJob
Start-Transcript
Stop-Process
Stop-Transcript
Tee-Object
Test-Connection
Test-Json
Test-Path
Trace-Command
Uninstall-Package
Unregister-Event
Unregister-PackageSource
Update-FormatData
Update-TypeData
Wait-Debugger
Wait-Event
Wait-Process
Write-Debug
Write-Error
Write-Host
Write-Information
Write-Output
Write-Progress
Write-Verbose
Write-Warning
